#-----------------------------------------------------------
# Vivado v2023.2.1 (64-bit)
# SW Build 4081461 on Thu Dec 14 12:24:51 MST 2023
# IP Build 4080415 on Thu Dec 14 21:01:57 MST 2023
# SharedData Build 4077621 on Mon Dec 11 00:23:44 MST 2023
# Start of session at: Thu Apr 18 18:58:44 2024
# Process ID: 19412
# Current directory: C:/Users/manth/Github/ASICDesign2/AES_TestandEmulation_FPGA/AES_TestandEmulation_FPGA.runs/synth_1
# Command line: vivado.exe -log AES_Testbenchsp.vds -product Vivado -mode batch -messageDb vivado.pb -notrace -source AES_Testbenchsp.tcl
# Log file: C:/Users/manth/Github/ASICDesign2/AES_TestandEmulation_FPGA/AES_TestandEmulation_FPGA.runs/synth_1/AES_Testbenchsp.vds
# Journal file: C:/Users/manth/Github/ASICDesign2/AES_TestandEmulation_FPGA/AES_TestandEmulation_FPGA.runs/synth_1\vivado.jou
# Running On: DESKTOP-RR47J6M, OS: Windows, CPU Frequency: 2803 MHz, CPU Physical cores: 4, Host memory: 16856 MB
#-----------------------------------------------------------
source AES_Testbenchsp.tcl -notrace
